// Jest Snapshot v1, https://goo.gl/fbAQLP

exports[`Register flow should match snpashot 1`] = `
Object {
  "asFragment": [Function],
  "baseElement": .c7 {
  display: -webkit-box;
  display: -webkit-flex;
  display: -ms-flexbox;
  display: flex;
  -webkit-flex-direction: column;
  -ms-flex-direction: column;
  flex-direction: column;
  -webkit-align-items: center;
  -webkit-box-align: center;
  -ms-flex-align: center;
  align-items: center;
  width: 100%;
  height: 100%;
}

.c7 > :not(:first-child) {
  margin-top: 32px;
}

.c7 > div:last-child {
  margin-top: 40px;
}

.c8 {
  width: 100%;
}

.c9 {
  display: -webkit-box;
  display: -webkit-flex;
  display: -ms-flexbox;
  display: flex;
  -webkit-flex-direction: column;
  -ms-flex-direction: column;
  flex-direction: column;
  width: 100%;
  text-transform: uppercase;
  font-size: 12px;
}

.c10 {
  width: 100%;
  height: 40px;
  margin-top: 8px;
  border-radius: 3px;
  outline: transparent;
  padding: 0 8px;
  border: 1px solid rgba(0,0,0,0.3);
  border-left: 3px solid #a154f2;
}

.c11 {
  position: relative;
  width: 100%;
  max-width: 285px;
}

.c12 {
  position: relative;
  display: -webkit-box;
  display: -webkit-flex;
  display: -ms-flexbox;
  display: flex;
  -webkit-align-items: center;
  -webkit-box-align: center;
  -ms-flex-align: center;
  align-items: center;
  -webkit-box-pack: center;
  -webkit-justify-content: center;
  -ms-flex-pack: center;
  justify-content: center;
  width: 100%;
  height: 40px;
  border-radius: 10px;
  font-size: 10px;
  cursor: pointer;
  color: #fff;
  border: 1px solid #fff;
  background: #A154F2;
  text-transform: uppercase;
  font-size: 14px;
  -webkit-letter-spacing: 2.5px;
  -moz-letter-spacing: 2.5px;
  -ms-letter-spacing: 2.5px;
  letter-spacing: 2.5px;
  font-weight: bold;
  -webkit-transition: background 0.5s;
  transition: background 0.5s;
}

.c12:hover {
  background: #F27A54;
}

.c12:before {
  position: absolute;
  display: -webkit-box;
  display: -webkit-flex;
  display: -ms-flexbox;
  display: flex;
  -webkit-box-pack: center;
  -webkit-justify-content: center;
  -ms-flex-pack: center;
  justify-content: center;
  -webkit-align-items: center;
  -webkit-box-align: center;
  -ms-flex-align: center;
  align-items: center;
  content: ""attr(data-content)"";
  width: 100%;
  height: 100%;
  top: -1px;
  left: -1px;
  background: #F27A54;
  border: 1px solid #fff;
  border-radius: 10px;
  -webkit-transition: opacity 2s;
  transition: opacity 2s;
  opacity: 0;
  z-index: 1;
}

.c12:hover::before {
  opacity: 1;
  background: linear-gradient(90deg,#F27A54 0%,#A154F2 100%);
}

.c12:disabled:hover {
  background: #A154F2;
}

.c12:disabled:hover::before {
  opacity: 0;
}

.c12:disabled {
  opacity: 0.5;
}

.c4 {
  width: -webkit-fit-content;
  width: -moz-fit-content;
  width: fit-content;
  padding: 0;
  font-size: 44px;
  -webkit-letter-spacing: 5px;
  -moz-letter-spacing: 5px;
  -ms-letter-spacing: 5px;
  letter-spacing: 5px;
  color: #a154f2;
}

.c6 {
  margin: 0;
  padding: 0;
  font-size: 16px;
}

.c14 {
  margin: 0;
  padding: 0;
  font-size: 16px;
  -webkit-text-decoration: none;
  text-decoration: none;
}

.c14:visited {
  color: #000;
}

.c14:hover {
  -webkit-text-decoration: underline;
  text-decoration: underline;
}

.c0 {
  display: -webkit-box;
  display: -webkit-flex;
  display: -ms-flexbox;
  display: flex;
  padding: 16px;
  min-height: 100%;
}

.c1 {
  display: -webkit-box;
  display: -webkit-flex;
  display: -ms-flexbox;
  display: flex;
  -webkit-flex-direction: column;
  -ms-flex-direction: column;
  flex-direction: column;
  -webkit-box-pack: center;
  -webkit-justify-content: center;
  -ms-flex-pack: center;
  justify-content: center;
  -webkit-align-items: center;
  -webkit-box-align: center;
  -ms-flex-align: center;
  align-items: center;
  height: 100%;
  width: 100%;
  max-width: 1080px;
  margin: 0 auto;
}

.c1 > section {
  max-width: 448px;
  padding: 24px;
  background: #fff;
  border-radius: 5px;
  box-shadow: 0px 4px 15px 1px rgba(0,0,0,0.2);
}

.c2 {
  display: -webkit-box;
  display: -webkit-flex;
  display: -ms-flexbox;
  display: flex;
  -webkit-flex-direction: column;
  -ms-flex-direction: column;
  flex-direction: column;
  -webkit-box-pack: center;
  -webkit-justify-content: center;
  -ms-flex-pack: center;
  justify-content: center;
  -webkit-align-items: center;
  -webkit-box-align: center;
  -ms-flex-align: center;
  align-items: center;
  width: 100%;
  margin: 0 50px;
}

.c3 {
  margin-bottom: 16px;
}

.c3 > p {
  text-align: center;
}

.c13 {
  display: -webkit-box;
  display: -webkit-flex;
  display: -ms-flexbox;
  display: flex;
  -webkit-box-pack: center;
  -webkit-justify-content: center;
  -ms-flex-pack: center;
  justify-content: center;
  width: 100%;
  padding: 24px;
  margin-top: 24px;
}

.c13 > p {
  margin-right: 8px;
}

.c5 {
  width: -webkit-fit-content;
  width: -moz-fit-content;
  width: fit-content;
  margin: 16px auto 0;
  -webkit-letter-spacing: 5px;
  -moz-letter-spacing: 5px;
  -ms-letter-spacing: 5px;
  letter-spacing: 5px;
  text-transform: uppercase;
}

.c15:hover {
  color: #a154f2;
}

@media (max-width:768px) {
  .c9 {
    font-size: 10px;
  }
}

@media (max-width:768px) {
  .c4 {
    font-size: 36px;
  }
}

@media (max-width:768px) {
  .c6 {
    font-size: 14px;
  }
}

@media (max-width:768px) {
  .c14 {
    font-size: 14px;
  }
}

@media (min-width:1024px) {
  .c0 {
    -webkit-align-items: center;
    -webkit-box-align: center;
    -ms-flex-align: center;
    align-items: center;
  }
}

@media (min-width:1024px) {
  .c1 {
    display: -webkit-box;
    display: -webkit-flex;
    display: -ms-flexbox;
    display: flex;
    -webkit-box-pack: center;
    -webkit-justify-content: center;
    -ms-flex-pack: center;
    justify-content: center;
  }
}

<body>
    <div>
      <section
        class="c0"
      >
        <div
          class="c1"
        >
          <section
            class="c2"
          >
            <div
              class="c3"
            >
              <h1
                class="c4 c5"
              >
                Sign Up
              </h1>
              <p
                class="c6"
              >
                Access all your dev content on the same place!
              </p>
            </div>
            <form
              action="#"
              aria-label="register-form-title"
              class="c7"
            >
              <div
                class="c8"
              >
                <label
                  class="c9"
                >
                  Name *
                  <input
                    aria-label="name"
                    class="c10"
                    name="name"
                    value=""
                  />
                </label>
              </div>
              <div
                class="c8"
              >
                <label
                  class="c9"
                >
                  Last Name *
                  <input
                    aria-label="lastName"
                    class="c10"
                    name="lastName"
                    value=""
                  />
                </label>
              </div>
              <div
                class="c8"
              >
                <label
                  class="c9"
                >
                  Email *
                  <input
                    aria-label="email"
                    class="c10"
                    name="email"
                    value=""
                  />
                </label>
              </div>
              <div
                class="c8"
              >
                <label
                  class="c9"
                >
                  Password *
                  <input
                    aria-label="password"
                    class="c10"
                    name="password"
                    type="password"
                    value=""
                  />
                </label>
              </div>
              <div
                class="c8"
              >
                <label
                  class="c9"
                >
                  Confirm your password *
                  <input
                    aria-label="passwordConfirmation"
                    class="c10"
                    name="passwordConfirmation"
                    type="password"
                    value=""
                  />
                </label>
              </div>
              <div
                class="c11"
              >
                <button
                  class="c12"
                  data-content="Sign Up"
                  type="submit"
                >
                  Sign Up
                </button>
              </div>
            </form>
          </section>
          <section
            class="c13"
          >
            <p
              class="c6"
            >
              Do you have an account?
            </p>
            <a
              class="c14 c15"
              href="/"
            >
              Log in
            </a>
          </section>
        </div>
      </section>
    </div>
    <div>
      <section
        class="c0"
      >
        <div
          class="c1"
        >
          <section
            class="c2"
          >
            <div
              class="c3"
            >
              <h1
                class="c4 c5"
              >
                Sign Up
              </h1>
              <p
                class="c6"
              >
                Access all your dev content on the same place!
              </p>
            </div>
            <form
              action="#"
              aria-label="register-form-title"
              class="c7"
            >
              <div
                class="c8"
              >
                <label
                  class="c9"
                >
                  Name *
                  <input
                    aria-label="name"
                    class="c10"
                    name="name"
                    value=""
                  />
                </label>
              </div>
              <div
                class="c8"
              >
                <label
                  class="c9"
                >
                  Last Name *
                  <input
                    aria-label="lastName"
                    class="c10"
                    name="lastName"
                    value=""
                  />
                </label>
              </div>
              <div
                class="c8"
              >
                <label
                  class="c9"
                >
                  Email *
                  <input
                    aria-label="email"
                    class="c10"
                    name="email"
                    value=""
                  />
                </label>
              </div>
              <div
                class="c8"
              >
                <label
                  class="c9"
                >
                  Password *
                  <input
                    aria-label="password"
                    class="c10"
                    name="password"
                    type="password"
                    value=""
                  />
                </label>
              </div>
              <div
                class="c8"
              >
                <label
                  class="c9"
                >
                  Confirm your password *
                  <input
                    aria-label="passwordConfirmation"
                    class="c10"
                    name="passwordConfirmation"
                    type="password"
                    value=""
                  />
                </label>
              </div>
              <div
                class="c11"
              >
                <button
                  class="c12"
                  data-content="Sign Up"
                  type="submit"
                >
                  Sign Up
                </button>
              </div>
            </form>
          </section>
          <section
            class="c13"
          >
            <p
              class="c6"
            >
              Do you have an account?
            </p>
            <a
              class="c14 c15"
              href="/"
            >
              Log in
            </a>
          </section>
        </div>
      </section>
    </div>
  </body>,
  "container": .c7 {
  display: -webkit-box;
  display: -webkit-flex;
  display: -ms-flexbox;
  display: flex;
  -webkit-flex-direction: column;
  -ms-flex-direction: column;
  flex-direction: column;
  -webkit-align-items: center;
  -webkit-box-align: center;
  -ms-flex-align: center;
  align-items: center;
  width: 100%;
  height: 100%;
}

.c7 > :not(:first-child) {
  margin-top: 32px;
}

.c7 > div:last-child {
  margin-top: 40px;
}

.c8 {
  width: 100%;
}

.c9 {
  display: -webkit-box;
  display: -webkit-flex;
  display: -ms-flexbox;
  display: flex;
  -webkit-flex-direction: column;
  -ms-flex-direction: column;
  flex-direction: column;
  width: 100%;
  text-transform: uppercase;
  font-size: 12px;
}

.c10 {
  width: 100%;
  height: 40px;
  margin-top: 8px;
  border-radius: 3px;
  outline: transparent;
  padding: 0 8px;
  border: 1px solid rgba(0,0,0,0.3);
  border-left: 3px solid #a154f2;
}

.c11 {
  position: relative;
  width: 100%;
  max-width: 285px;
}

.c12 {
  position: relative;
  display: -webkit-box;
  display: -webkit-flex;
  display: -ms-flexbox;
  display: flex;
  -webkit-align-items: center;
  -webkit-box-align: center;
  -ms-flex-align: center;
  align-items: center;
  -webkit-box-pack: center;
  -webkit-justify-content: center;
  -ms-flex-pack: center;
  justify-content: center;
  width: 100%;
  height: 40px;
  border-radius: 10px;
  font-size: 10px;
  cursor: pointer;
  color: #fff;
  border: 1px solid #fff;
  background: #A154F2;
  text-transform: uppercase;
  font-size: 14px;
  -webkit-letter-spacing: 2.5px;
  -moz-letter-spacing: 2.5px;
  -ms-letter-spacing: 2.5px;
  letter-spacing: 2.5px;
  font-weight: bold;
  -webkit-transition: background 0.5s;
  transition: background 0.5s;
}

.c12:hover {
  background: #F27A54;
}

.c12:before {
  position: absolute;
  display: -webkit-box;
  display: -webkit-flex;
  display: -ms-flexbox;
  display: flex;
  -webkit-box-pack: center;
  -webkit-justify-content: center;
  -ms-flex-pack: center;
  justify-content: center;
  -webkit-align-items: center;
  -webkit-box-align: center;
  -ms-flex-align: center;
  align-items: center;
  content: ""attr(data-content)"";
  width: 100%;
  height: 100%;
  top: -1px;
  left: -1px;
  background: #F27A54;
  border: 1px solid #fff;
  border-radius: 10px;
  -webkit-transition: opacity 2s;
  transition: opacity 2s;
  opacity: 0;
  z-index: 1;
}

.c12:hover::before {
  opacity: 1;
  background: linear-gradient(90deg,#F27A54 0%,#A154F2 100%);
}

.c12:disabled:hover {
  background: #A154F2;
}

.c12:disabled:hover::before {
  opacity: 0;
}

.c12:disabled {
  opacity: 0.5;
}

.c4 {
  width: -webkit-fit-content;
  width: -moz-fit-content;
  width: fit-content;
  padding: 0;
  font-size: 44px;
  -webkit-letter-spacing: 5px;
  -moz-letter-spacing: 5px;
  -ms-letter-spacing: 5px;
  letter-spacing: 5px;
  color: #a154f2;
}

.c6 {
  margin: 0;
  padding: 0;
  font-size: 16px;
}

.c14 {
  margin: 0;
  padding: 0;
  font-size: 16px;
  -webkit-text-decoration: none;
  text-decoration: none;
}

.c14:visited {
  color: #000;
}

.c14:hover {
  -webkit-text-decoration: underline;
  text-decoration: underline;
}

.c0 {
  display: -webkit-box;
  display: -webkit-flex;
  display: -ms-flexbox;
  display: flex;
  padding: 16px;
  min-height: 100%;
}

.c1 {
  display: -webkit-box;
  display: -webkit-flex;
  display: -ms-flexbox;
  display: flex;
  -webkit-flex-direction: column;
  -ms-flex-direction: column;
  flex-direction: column;
  -webkit-box-pack: center;
  -webkit-justify-content: center;
  -ms-flex-pack: center;
  justify-content: center;
  -webkit-align-items: center;
  -webkit-box-align: center;
  -ms-flex-align: center;
  align-items: center;
  height: 100%;
  width: 100%;
  max-width: 1080px;
  margin: 0 auto;
}

.c1 > section {
  max-width: 448px;
  padding: 24px;
  background: #fff;
  border-radius: 5px;
  box-shadow: 0px 4px 15px 1px rgba(0,0,0,0.2);
}

.c2 {
  display: -webkit-box;
  display: -webkit-flex;
  display: -ms-flexbox;
  display: flex;
  -webkit-flex-direction: column;
  -ms-flex-direction: column;
  flex-direction: column;
  -webkit-box-pack: center;
  -webkit-justify-content: center;
  -ms-flex-pack: center;
  justify-content: center;
  -webkit-align-items: center;
  -webkit-box-align: center;
  -ms-flex-align: center;
  align-items: center;
  width: 100%;
  margin: 0 50px;
}

.c3 {
  margin-bottom: 16px;
}

.c3 > p {
  text-align: center;
}

.c13 {
  display: -webkit-box;
  display: -webkit-flex;
  display: -ms-flexbox;
  display: flex;
  -webkit-box-pack: center;
  -webkit-justify-content: center;
  -ms-flex-pack: center;
  justify-content: center;
  width: 100%;
  padding: 24px;
  margin-top: 24px;
}

.c13 > p {
  margin-right: 8px;
}

.c5 {
  width: -webkit-fit-content;
  width: -moz-fit-content;
  width: fit-content;
  margin: 16px auto 0;
  -webkit-letter-spacing: 5px;
  -moz-letter-spacing: 5px;
  -ms-letter-spacing: 5px;
  letter-spacing: 5px;
  text-transform: uppercase;
}

.c15:hover {
  color: #a154f2;
}

@media (max-width:768px) {
  .c9 {
    font-size: 10px;
  }
}

@media (max-width:768px) {
  .c4 {
    font-size: 36px;
  }
}

@media (max-width:768px) {
  .c6 {
    font-size: 14px;
  }
}

@media (max-width:768px) {
  .c14 {
    font-size: 14px;
  }
}

@media (min-width:1024px) {
  .c0 {
    -webkit-align-items: center;
    -webkit-box-align: center;
    -ms-flex-align: center;
    align-items: center;
  }
}

@media (min-width:1024px) {
  .c1 {
    display: -webkit-box;
    display: -webkit-flex;
    display: -ms-flexbox;
    display: flex;
    -webkit-box-pack: center;
    -webkit-justify-content: center;
    -ms-flex-pack: center;
    justify-content: center;
  }
}

<div>
    <section
      class="c0"
    >
      <div
        class="c1"
      >
        <section
          class="c2"
        >
          <div
            class="c3"
          >
            <h1
              class="c4 c5"
            >
              Sign Up
            </h1>
            <p
              class="c6"
            >
              Access all your dev content on the same place!
            </p>
          </div>
          <form
            action="#"
            aria-label="register-form-title"
            class="c7"
          >
            <div
              class="c8"
            >
              <label
                class="c9"
              >
                Name *
                <input
                  aria-label="name"
                  class="c10"
                  name="name"
                  value=""
                />
              </label>
            </div>
            <div
              class="c8"
            >
              <label
                class="c9"
              >
                Last Name *
                <input
                  aria-label="lastName"
                  class="c10"
                  name="lastName"
                  value=""
                />
              </label>
            </div>
            <div
              class="c8"
            >
              <label
                class="c9"
              >
                Email *
                <input
                  aria-label="email"
                  class="c10"
                  name="email"
                  value=""
                />
              </label>
            </div>
            <div
              class="c8"
            >
              <label
                class="c9"
              >
                Password *
                <input
                  aria-label="password"
                  class="c10"
                  name="password"
                  type="password"
                  value=""
                />
              </label>
            </div>
            <div
              class="c8"
            >
              <label
                class="c9"
              >
                Confirm your password *
                <input
                  aria-label="passwordConfirmation"
                  class="c10"
                  name="passwordConfirmation"
                  type="password"
                  value=""
                />
              </label>
            </div>
            <div
              class="c11"
            >
              <button
                class="c12"
                data-content="Sign Up"
                type="submit"
              >
                Sign Up
              </button>
            </div>
          </form>
        </section>
        <section
          class="c13"
        >
          <p
            class="c6"
          >
            Do you have an account?
          </p>
          <a
            class="c14 c15"
            href="/"
          >
            Log in
          </a>
        </section>
      </div>
    </section>
  </div>,
  "debug": [Function],
  "findAllByAltText": [Function],
  "findAllByDisplayValue": [Function],
  "findAllByLabelText": [Function],
  "findAllByPlaceholderText": [Function],
  "findAllByRole": [Function],
  "findAllByTestId": [Function],
  "findAllByText": [Function],
  "findAllByTitle": [Function],
  "findByAltText": [Function],
  "findByDisplayValue": [Function],
  "findByLabelText": [Function],
  "findByPlaceholderText": [Function],
  "findByRole": [Function],
  "findByTestId": [Function],
  "findByText": [Function],
  "findByTitle": [Function],
  "getAllByAltText": [Function],
  "getAllByDisplayValue": [Function],
  "getAllByLabelText": [Function],
  "getAllByPlaceholderText": [Function],
  "getAllByRole": [Function],
  "getAllByTestId": [Function],
  "getAllByText": [Function],
  "getAllByTitle": [Function],
  "getByAltText": [Function],
  "getByDisplayValue": [Function],
  "getByLabelText": [Function],
  "getByPlaceholderText": [Function],
  "getByRole": [Function],
  "getByTestId": [Function],
  "getByText": [Function],
  "getByTitle": [Function],
  "queryAllByAltText": [Function],
  "queryAllByDisplayValue": [Function],
  "queryAllByLabelText": [Function],
  "queryAllByPlaceholderText": [Function],
  "queryAllByRole": [Function],
  "queryAllByTestId": [Function],
  "queryAllByText": [Function],
  "queryAllByTitle": [Function],
  "queryByAltText": [Function],
  "queryByDisplayValue": [Function],
  "queryByLabelText": [Function],
  "queryByPlaceholderText": [Function],
  "queryByRole": [Function],
  "queryByTestId": [Function],
  "queryByText": [Function],
  "queryByTitle": [Function],
  "rerender": [Function],
  "unmount": [Function],
}
`;
